// Jest Snapshot v1, https://goo.gl/fbAQLP

exports[`Register a group to a user User A is attempting to register a group to User B 1`] = `
Object {
  "error": "Forbidden",
  "message": "Forbidden resource",
  "statusCode": 403,
}
`;

exports[`Register a group to a user User A is attempting to register a group to a non-existant User B 1`] = `
Object {
  "error": "Forbidden",
  "message": "Forbidden resource",
  "statusCode": 403,
}
`;
